../Middlewares/ST/touchgfx/framework/include/mvp/Presenter.hpp:37:18:virtual void touchgfx::Presenter::activate()	16	static
../Middlewares/ST/touchgfx/framework/include/mvp/Presenter.hpp:47:18:virtual void touchgfx::Presenter::deactivate()	16	static
../Middlewares/ST/touchgfx/framework/include/mvp/Presenter.hpp:52:13:touchgfx::Presenter::~Presenter()	16	static
../Middlewares/ST/touchgfx/framework/include/mvp/Presenter.hpp:52:13:virtual touchgfx::Presenter::~Presenter()	16	static
../Middlewares/ST/touchgfx/framework/include/mvp/Presenter.hpp:58:5:touchgfx::Presenter::Presenter()	16	static
../TouchGFX/gui/include/gui/model/Model.hpp:31:38:touchgfx::GenericCallback<bool>& Model::getToggleButton1StateChangedCallback()	16	static
../TouchGFX/gui/include/gui/model/Model.hpp:32:38:touchgfx::GenericCallback<bool>& Model::getToggleButton2StateChangedCallback()	16	static
../TouchGFX/gui/include/gui/model/ModelListener.hpp:9:5:ModelListener::ModelListener()	16	static
../TouchGFX/gui/include/gui/model/ModelListener.hpp:11:13:ModelListener::~ModelListener()	16	static
../TouchGFX/gui/include/gui/model/ModelListener.hpp:11:13:virtual ModelListener::~ModelListener()	16	static
../TouchGFX/gui/include/gui/model/ModelListener.hpp:12:18:virtual void ModelListener::updateClock()	16	static
../TouchGFX/gui/include/gui/model/ModelListener.hpp:19:16:virtual void ModelListener::black_screen_display()	16	static
../TouchGFX/gui/include/gui/model/ModelListener.hpp:20:16:virtual void ModelListener::charge_screen_display()	16	static
../TouchGFX/gui/include/gui/model/ModelListener.hpp:21:16:virtual void ModelListener::uncharge_screen_display()	16	static
../TouchGFX/gui/include/gui/model/ModelListener.hpp:22:16:virtual void ModelListener::sos_alert_display()	16	static
../TouchGFX/gui/include/gui/model/ModelListener.hpp:23:16:virtual void ModelListener::home_screen_display()	16	static
../TouchGFX/gui/include/gui/model/ModelListener.hpp:24:16:virtual void ModelListener::fall_detect_screen_display()	16	static
../TouchGFX/gui/include/gui/swipedownfromhome_screen/swipedownfromHomePresenter.hpp:41:13:swipedownfromHomePresenter::~swipedownfromHomePresenter()	16	static
../TouchGFX/gui/include/gui/swipedownfromhome_screen/swipedownfromHomePresenter.hpp:41:13:virtual swipedownfromHomePresenter::~swipedownfromHomePresenter()	16	static
../Middlewares/ST/touchgfx/framework/include/touchgfx/Callback.hpp:357:8:touchgfx::Callback<swipedownfromHomePresenter, bool>::~Callback()	16	static
../Middlewares/ST/touchgfx/framework/include/touchgfx/Callback.hpp:357:8:virtual touchgfx::Callback<swipedownfromHomePresenter, bool>::~Callback()	16	static
../Middlewares/ST/touchgfx/framework/include/touchgfx/Callback.hpp:134:7:constexpr touchgfx::GenericCallback<bool>& touchgfx::GenericCallback<bool>::operator=(const touchgfx::GenericCallback<bool>&)	16	static
../TouchGFX/gui/src/swipedownfromhome_screen/swipedownfromHomePresenter.cpp:4:1:swipedownfromHomePresenter::swipedownfromHomePresenter(swipedownfromHomeView&)	72	static
../TouchGFX/gui/src/swipedownfromhome_screen/swipedownfromHomePresenter.cpp:11:6:virtual void swipedownfromHomePresenter::activate()	16	static
../TouchGFX/gui/src/swipedownfromhome_screen/swipedownfromHomePresenter.cpp:16:6:virtual void swipedownfromHomePresenter::deactivate()	16	static
../TouchGFX/gui/src/swipedownfromhome_screen/swipedownfromHomePresenter.cpp:21:6:virtual void swipedownfromHomePresenter::notifySwipeUp()	16	static
../TouchGFX/gui/src/swipedownfromhome_screen/swipedownfromHomePresenter.cpp:26:6:void swipedownfromHomePresenter::updateToggleButton1State(bool)	16	static
../TouchGFX/gui/src/swipedownfromhome_screen/swipedownfromHomePresenter.cpp:31:6:bool swipedownfromHomePresenter::getToggleButton1State() const	16	static
../TouchGFX/gui/src/swipedownfromhome_screen/swipedownfromHomePresenter.cpp:36:6:void swipedownfromHomePresenter::onToggleButton1StateChanged(bool)	16	static
../TouchGFX/gui/src/swipedownfromhome_screen/swipedownfromHomePresenter.cpp:41:6:void swipedownfromHomePresenter::updateToggleButton2State(bool)	16	static
../TouchGFX/gui/src/swipedownfromhome_screen/swipedownfromHomePresenter.cpp:46:6:bool swipedownfromHomePresenter::getToggleButton2State() const	16	static
../TouchGFX/gui/src/swipedownfromhome_screen/swipedownfromHomePresenter.cpp:51:6:void swipedownfromHomePresenter::onToggleButton2StateChanged(bool)	16	static
../TouchGFX/gui/src/swipedownfromhome_screen/swipedownfromHomePresenter.cpp:56:6:void swipedownfromHomePresenter::updateSlider1Value(int)	16	static
../TouchGFX/gui/src/swipedownfromhome_screen/swipedownfromHomePresenter.cpp:61:5:int swipedownfromHomePresenter::getSlider1Value() const	16	static
../Middlewares/ST/touchgfx/framework/include/touchgfx/Callback.hpp:134:7:constexpr touchgfx::GenericCallback<bool>::GenericCallback()	16	static
../Middlewares/ST/touchgfx/framework/include/touchgfx/Callback.hpp:373:5:touchgfx::Callback<dest_type, T1, void, void>::Callback(dest_type*, void (dest_type::*)(T1)) [with dest_type = swipedownfromHomePresenter; T1 = bool]	24	static
../Middlewares/ST/touchgfx/framework/include/touchgfx/Callback.hpp:138:13:touchgfx::GenericCallback<T1, void, void>::~GenericCallback() [with T1 = bool]	16	static
../Middlewares/ST/touchgfx/framework/include/touchgfx/Callback.hpp:138:13:touchgfx::GenericCallback<T1, void, void>::~GenericCallback() [with T1 = bool]	16	static
../Middlewares/ST/touchgfx/framework/include/touchgfx/Callback.hpp:386:18:void touchgfx::Callback<dest_type, T1, void, void>::execute(T1) [with dest_type = swipedownfromHomePresenter; T1 = bool]	16	static
../Middlewares/ST/touchgfx/framework/include/touchgfx/Callback.hpp:396:18:bool touchgfx::Callback<dest_type, T1, void, void>::isValid() const [with dest_type = swipedownfromHomePresenter; T1 = bool]	16	static
