../Middlewares/ST/touchgfx/framework/include/touchgfx/Screen.hpp:104:18:virtual void touchgfx::Screen::afterTransition()	16	static
../Middlewares/ST/touchgfx/framework/include/touchgfx/Screen.hpp:115:18:virtual void touchgfx::Screen::tearDownScreen()	16	static
../Middlewares/ST/touchgfx/framework/include/touchgfx/Screen.hpp:154:18:virtual void touchgfx::Screen::handleKeyEvent(uint8_t)	16	static
../TouchGFX/generated/gui_generated/include/gui_generated/heartratedetail_screen/HeartrateDetailViewBase.hpp:29:26:FrontendApplication& HeartrateDetailViewBase::application()	16	static
../TouchGFX/gui/include/gui/heartratedetail_screen/HeartrateDetailView.hpp:11:13:HeartrateDetailView::~HeartrateDetailView()	16	static
../TouchGFX/gui/include/gui/heartratedetail_screen/HeartrateDetailView.hpp:11:13:virtual HeartrateDetailView::~HeartrateDetailView()	16	static
../TouchGFX/gui/src/heartratedetail_screen/HeartrateDetailView.cpp:6:1:HeartrateDetailView::HeartrateDetailView()	16	static
../TouchGFX/gui/src/heartratedetail_screen/HeartrateDetailView.cpp:11:6:virtual void HeartrateDetailView::setupScreen()	16	static
../TouchGFX/gui/src/heartratedetail_screen/HeartrateDetailView.cpp:16:6:virtual void HeartrateDetailView::tearDownScreen()	16	static
../TouchGFX/gui/src/heartratedetail_screen/HeartrateDetailView.cpp:40:6:void HeartrateDetailView::handleSwipeRight()	16	static
../TouchGFX/gui/src/heartratedetail_screen/HeartrateDetailView.cpp:48:6:virtual void HeartrateDetailView::handleTickEvent()	16	static
