../Drivers/ST7789/st7789.c:16:13:ConvHL	24	static
../Drivers/ST7789/st7789.c:33:6:ST7789_WriteCommand	16	static
../Drivers/ST7789/st7789.c:47:6:ST7789_WriteData	24	static
../Drivers/ST7789/st7789.c:80:13:ST7789_WriteSmallData	16	static
../Drivers/ST7789/st7789.c:93:6:ST7789_SetRotation	16	static
../Drivers/ST7789/st7789.c:119:6:ST7789_SetAddressWindow	40	static
../Drivers/ST7789/st7789.c:150:6:ST7789_Init	64	static
../Drivers/ST7789/st7789.c:230:6:ST7789_Fill_Color	24	static
../Drivers/ST7789/st7789.c:259:6:ST7789_DrawPixel	24	static
../Drivers/ST7789/st7789.c:278:6:ST7789_Fill	32	static
../Drivers/ST7789/st7789.c:299:6:ST7789_DrawPixel_4px	32	static
../Drivers/ST7789/st7789.c:315:6:ST7789_DrawLine	40	static
../Drivers/ST7789/st7789.c:376:6:ST7789_DrawRectangle	32	static
../Drivers/ST7789/st7789.c:393:6:ST7789_DrawCircle	40	static
../Drivers/ST7789/st7789.c:437:6:ST7789_DrawImage	24	static
../Drivers/ST7789/st7789.c:457:6:ST7789_InvertColors	16	static
../Drivers/ST7789/st7789.c:473:6:ST7789_WriteChar	40	static
../Drivers/ST7789/st7789.c:504:6:ST7789_WriteString	32	static
../Drivers/ST7789/st7789.c:535:6:ST7789_DrawFilledRectangle	40	static
../Drivers/ST7789/st7789.c:569:6:ST7789_DrawTriangle	32	static
../Drivers/ST7789/st7789.c:585:6:ST7789_DrawFilledTriangle	64	static
../Drivers/ST7789/st7789.c:654:6:ST7789_DrawFilledCircle	48	static
../Drivers/ST7789/st7789.c:694:6:ST7789_TearEffect	16	static
../Drivers/ST7789/st7789.c:701:6:ST7789_DrawBitmap	32	static
../Drivers/ST7789/st7789.c:740:6:ST7789_Test	24	static
../Drivers/ST7789/st7789.c:813:6:ST7789_gpio_setting	8	static
../Drivers/ST7789/st7789.c:822:6:ST7789_brightness_setting	32	static
