../Middlewares/ST/touchgfx/framework/include/touchgfx/Bitmap.hpp:142:14:touchgfx::BitmapId touchgfx::Bitmap::getId() const	16	static
../Middlewares/ST/touchgfx/framework/include/touchgfx/Screen.hpp:104:18:virtual void touchgfx::Screen::afterTransition()	16	static
../Middlewares/ST/touchgfx/framework/include/touchgfx/Screen.hpp:115:18:virtual void touchgfx::Screen::tearDownScreen()	16	static
../Middlewares/ST/touchgfx/framework/include/touchgfx/Screen.hpp:154:18:virtual void touchgfx::Screen::handleKeyEvent(uint8_t)	16	static
../Middlewares/ST/touchgfx/framework/include/touchgfx/widgets/AbstractButton.hpp:63:10:void touchgfx::AbstractButton::setAction(touchgfx::GenericCallback<const touchgfx::AbstractButton&>&)	16	static
../Middlewares/ST/touchgfx/framework/include/touchgfx/widgets/ToggleButton.hpp:58:10:bool touchgfx::ToggleButton::getState() const	24	static
../TouchGFX/generated/gui_generated/include/gui_generated/soundnhapticssetting_screen/soundnhapticsSettingViewBase.hpp:24:26:FrontendApplication& soundnhapticsSettingViewBase::application()	16	static
../Middlewares/ST/touchgfx/framework/include/touchgfx/Callback.hpp:357:8:touchgfx::Callback<soundnhapticsSettingView, const touchgfx::AbstractButton&>::~Callback()	16	static
../Middlewares/ST/touchgfx/framework/include/touchgfx/Callback.hpp:357:8:virtual touchgfx::Callback<soundnhapticsSettingView, const touchgfx::AbstractButton&>::~Callback()	16	static
../TouchGFX/gui/include/gui/soundnhapticssetting_screen/soundnhapticsSettingView.hpp:12:13:soundnhapticsSettingView::~soundnhapticsSettingView()	16	static
../TouchGFX/gui/include/gui/soundnhapticssetting_screen/soundnhapticsSettingView.hpp:12:13:virtual soundnhapticsSettingView::~soundnhapticsSettingView()	16	static
../TouchGFX/gui/src/soundnhapticssetting_screen/soundnhapticsSettingView.cpp:10:1:soundnhapticsSettingView::soundnhapticsSettingView()	32	static
../TouchGFX/gui/src/soundnhapticssetting_screen/soundnhapticsSettingView.cpp:18:6:virtual void soundnhapticsSettingView::setupScreen()	24	static
../TouchGFX/gui/src/soundnhapticssetting_screen/soundnhapticsSettingView.cpp:27:6:virtual void soundnhapticsSettingView::tearDownScreen()	16	static
../TouchGFX/gui/src/soundnhapticssetting_screen/soundnhapticsSettingView.cpp:32:6:void soundnhapticsSettingView::handleSwipeRight()	16	static
../TouchGFX/gui/src/soundnhapticssetting_screen/soundnhapticsSettingView.cpp:37:6:void soundnhapticsSettingView::toggleButton1Clicked(const touchgfx::AbstractButton&)	24	static
../TouchGFX/gui/src/soundnhapticssetting_screen/soundnhapticsSettingView.cpp:46:6:void soundnhapticsSettingView::updateToggleButton1State(bool)	16	static
../TouchGFX/gui/src/soundnhapticssetting_screen/soundnhapticsSettingView.cpp:51:6:void soundnhapticsSettingView::toggleButton2Clicked(const touchgfx::AbstractButton&)	16	static
../TouchGFX/gui/src/soundnhapticssetting_screen/soundnhapticsSettingView.cpp:61:6:void soundnhapticsSettingView::updateToggleButton2State(bool)	16	static
../TouchGFX/gui/src/soundnhapticssetting_screen/soundnhapticsSettingView.cpp:85:6:virtual void soundnhapticsSettingView::handleTickEvent()	16	static
../Middlewares/ST/touchgfx/framework/include/touchgfx/Callback.hpp:138:13:touchgfx::GenericCallback<T1, void, void>::~GenericCallback() [with T1 = const touchgfx::AbstractButton&]	16	static
../Middlewares/ST/touchgfx/framework/include/touchgfx/Callback.hpp:138:13:touchgfx::GenericCallback<T1, void, void>::~GenericCallback() [with T1 = const touchgfx::AbstractButton&]	16	static
../Middlewares/ST/touchgfx/framework/include/touchgfx/Callback.hpp:134:7:constexpr touchgfx::GenericCallback<const touchgfx::AbstractButton&>::GenericCallback()	16	static
../Middlewares/ST/touchgfx/framework/include/touchgfx/Callback.hpp:373:5:touchgfx::Callback<dest_type, T1, void, void>::Callback(dest_type*, void (dest_type::*)(T1)) [with dest_type = soundnhapticsSettingView; T1 = const touchgfx::AbstractButton&]	24	static
../Middlewares/ST/touchgfx/framework/include/touchgfx/Callback.hpp:386:18:void touchgfx::Callback<dest_type, T1, void, void>::execute(T1) [with dest_type = soundnhapticsSettingView; T1 = const touchgfx::AbstractButton&]	16	static
../Middlewares/ST/touchgfx/framework/include/touchgfx/Callback.hpp:396:18:bool touchgfx::Callback<dest_type, T1, void, void>::isValid() const [with dest_type = soundnhapticsSettingView; T1 = const touchgfx::AbstractButton&]	16	static
