../Middlewares/ST/touchgfx/framework/include/touchgfx/Callback.hpp:357:8:touchgfx::Callback<Model, bool>::~Callback()	16	static
../Middlewares/ST/touchgfx/framework/include/touchgfx/Callback.hpp:357:8:virtual touchgfx::Callback<Model, bool>::~Callback()	16	static
../TouchGFX/gui/src/model/Model.cpp:14:1:Model::Model()	16	static
../TouchGFX/gui/src/model/Model.cpp:22:6:void Model::tick()	16	static
../TouchGFX/gui/src/model/Model.cpp:65:6:void Model::setToggleButton1State(bool)	16	static
../TouchGFX/gui/src/model/Model.cpp:77:6:void Model::setToggleButton2State(bool)	16	static
../TouchGFX/gui/src/model/Model.cpp:89:6:bool Model::getToggleButton1State() const	16	static
../TouchGFX/gui/src/model/Model.cpp:94:6:bool Model::getToggleButton2State() const	16	static
../TouchGFX/gui/src/model/Model.cpp:99:6:void Model::setSlider1Value(int)	16	static
../TouchGFX/gui/src/model/Model.cpp:104:5:int Model::getSlider1Value() const	16	static
../Middlewares/ST/touchgfx/framework/include/touchgfx/Callback.hpp:134:7:constexpr touchgfx::GenericCallback<bool>::GenericCallback()	16	static
../Middlewares/ST/touchgfx/framework/include/touchgfx/Callback.hpp:360:5:touchgfx::Callback<dest_type, T1, void, void>::Callback() [with dest_type = Model; T1 = bool]	16	static
../Middlewares/ST/touchgfx/framework/include/touchgfx/Callback.hpp:138:13:touchgfx::GenericCallback<T1, void, void>::~GenericCallback() [with T1 = bool]	16	static
../Middlewares/ST/touchgfx/framework/include/touchgfx/Callback.hpp:138:13:touchgfx::GenericCallback<T1, void, void>::~GenericCallback() [with T1 = bool]	16	static
../Middlewares/ST/touchgfx/framework/include/touchgfx/Callback.hpp:396:18:bool touchgfx::Callback<dest_type, T1, void, void>::isValid() const [with dest_type = Model; T1 = bool]	16	static
../Middlewares/ST/touchgfx/framework/include/touchgfx/Callback.hpp:386:18:void touchgfx::Callback<dest_type, T1, void, void>::execute(T1) [with dest_type = Model; T1 = bool]	16	static
