../Drivers/CatM1/nrf9160.c:50:6:HAL_UART_TxCpltCallback	16	static
../Drivers/CatM1/nrf9160.c:58:6:HAL_UART_RxCpltCallback	16	static
../Drivers/CatM1/nrf9160.c:67:6:clear_uart_buf	16	static
../Drivers/CatM1/nrf9160.c:74:6:push	16	static
../Drivers/CatM1/nrf9160.c:86:9:pop	24	static
../Drivers/CatM1/nrf9160.c:99:9:isEmpty	16	static
../Drivers/CatM1/nrf9160.c:105:6:send_at_command	16	static
../Drivers/CatM1/nrf9160.c:121:6:receive_at_command_ret	4	static
../Drivers/CatM1/nrf9160.c:139:6:receive_response	8	static
../Drivers/CatM1/nrf9160.c:167:6:cat_m1_parse_process	232	static
../Drivers/CatM1/nrf9160.c:227:6:cat_m1_parse_result	16	static
../Drivers/CatM1/nrf9160.c:293:6:handle_cops_command	24	static
../Drivers/CatM1/nrf9160.c:301:6:handle_cfun_command	16	static
../Drivers/CatM1/nrf9160.c:306:6:handle_system_mode_command	16	static
../Drivers/CatM1/nrf9160.c:322:6:handle_mqtt_cfg_command	24	static
../Drivers/CatM1/nrf9160.c:328:6:handle_cgdcont_command	16	static
../Drivers/CatM1/nrf9160.c:334:6:handle_iccid_command	24	static
../Drivers/CatM1/nrf9160.c:371:6:handle_monitor_command	16	static
../Drivers/CatM1/nrf9160.c:377:6:handle_cesq_command	32	static
../Drivers/CatM1/nrf9160.c:407:6:handle_gps_command	88	dynamic
../Drivers/CatM1/nrf9160.c:476:6:handle_cell_location_command	16	static
../Drivers/CatM1/nrf9160.c:508:6:handle_xuuid_command	16	static
../Drivers/CatM1/nrf9160.c:514:6:handle_mqtt_event_command	16	static
../Drivers/CatM1/nrf9160.c:533:6:handle_cclk_command	16	static
../Drivers/CatM1/nrf9160.c:540:6:handle_cnum_command	48	static
../Drivers/CatM1/nrf9160.c:556:6:uart_init	8	static
../Drivers/CatM1/nrf9160.c:561:6:nrf9160_clear_buf	8	static
../Drivers/CatM1/nrf9160.c:575:6:nrf9160_init	8	static
../Drivers/CatM1/nrf9160.c:581:6:nrf9160_ready	8	static
../Drivers/CatM1/nrf9160.c:615:6:nrf9160_check	8	static
../Drivers/CatM1/nrf9160.c:716:6:nrf9160_mqtt_setting	8	static
../Drivers/CatM1/nrf9160.c:811:6:nrf9160_mqtt_test	8	static
../Drivers/CatM1/nrf9160.c:817:6:test_send_json_publish	200	static
../Drivers/CatM1/nrf9160.c:887:6:send_Status_Band	1144	static
../Drivers/CatM1/nrf9160.c:966:6:send_Status_BandAlert	1048	static
../Drivers/CatM1/nrf9160.c:1004:6:send_Status_FallDetection	1048	static
../Drivers/CatM1/nrf9160.c:1037:6:send_GPS_Location	280	static
../Drivers/CatM1/nrf9160.c:1071:6:send_UUID	1048	static
../Drivers/CatM1/nrf9160.c:1103:6:send_Fall_Difference_Value	1048	static
../Drivers/CatM1/nrf9160.c:1136:6:send_Status_IMU	1112	static
../Drivers/CatM1/nrf9160.c:1176:6:nrf9160_Get_gps	8	static
../Drivers/CatM1/nrf9160.c:1282:6:nrf9160_Stop_gps	8	static
../Drivers/CatM1/nrf9160.c:1311:6:nrf9160_Get_gps_State	8	static
../Drivers/CatM1/nrf9160.c:1317:6:nrf9160_Get_cell_location	8	static
../Drivers/CatM1/nrf9160.c:1324:6:nrf9160_Get_rssi	8	static
../Drivers/CatM1/nrf9160.c:1329:6:nrf9160_Get_time	8	static
../Drivers/CatM1/nrf9160.c:1334:6:catM1Reset	8	static
../Drivers/CatM1/nrf9160.c:1362:6:catM1nRFCloud_Init	8	static
../Drivers/CatM1/nrf9160.c:1391:6:catM1PWRGPIOInit	8	static
../Drivers/CatM1/nrf9160.c:1400:5:is_leap_year	16	static
../Drivers/CatM1/nrf9160.c:1405:5:get_days_in_month	72	static
../Drivers/CatM1/nrf9160.c:1416:6:utc_to_kst	24	static
../Drivers/CatM1/nrf9160.c:1440:11:getCatM1Time	72	static
../Drivers/CatM1/nrf9160.c:1482:8:convertToTimeT	48	static
../Drivers/CatM1/nrf9160.c:1494:6:isDifferenceWithinNMinute	40	static
../Drivers/CatM1/nrf9160.c:1504:6:setTimeUpdatFlag	16	static
../Drivers/CatM1/nrf9160.c:1509:9:getTimeUpdatFlag	4	static
