../Core/Src/eHG4_api.c:88:9:detect_fall	40	static
../Core/Src/eHG4_api.c:129:6:HAL_GPIO_EXTI_Rising_Callback	16	static
../Core/Src/eHG4_api.c:166:6:HAL_GPIO_EXTI_Falling_Callback	16	static
../Core/Src/eHG4_api.c:181:6:sendMessage	32	static
../Core/Src/eHG4_api.c:220:6:eHG4_Init	4	static
../Core/Src/eHG4_api.c:232:6:hapticCheck	16	static
../Core/Src/eHG4_api.c:262:6:read_ppg	112	static
../Core/Src/eHG4_api.c:332:6:mfioGPIOModeChange	40	static
../Core/Src/eHG4_api.c:357:6:measPPG	8	static
../Core/Src/eHG4_api.c:430:6:readMems	304	static
../Core/Src/eHG4_api.c:525:8:getAltitude	56	static
../Core/Src/eHG4_api.c:541:6:updateHeightData	4	static
../Core/Src/eHG4_api.c:571:6:checkFallDetection	32	static
../Core/Src/eHG4_api.c:619:6:BandAlert	8	static
