../Core/Src/stm32u5xx_it.c:78:6:NMI_Handler	4	static
../Core/Src/stm32u5xx_it.c:93:6:HardFault_Handler	4	static
../Core/Src/stm32u5xx_it.c:108:6:MemManage_Handler	4	static
../Core/Src/stm32u5xx_it.c:123:6:BusFault_Handler	4	static
../Core/Src/stm32u5xx_it.c:138:6:UsageFault_Handler	4	static
../Core/Src/stm32u5xx_it.c:153:6:DebugMon_Handler	4	static
../Core/Src/stm32u5xx_it.c:173:6:RTC_IRQHandler	8	static
../Core/Src/stm32u5xx_it.c:187:6:EXTI5_IRQHandler	8	static
../Core/Src/stm32u5xx_it.c:201:6:TIM2_IRQHandler	8	static
../Core/Src/stm32u5xx_it.c:215:6:TIM4_IRQHandler	8	static
../Core/Src/stm32u5xx_it.c:229:6:I2C2_EV_IRQHandler	8	static
../Core/Src/stm32u5xx_it.c:243:6:I2C2_ER_IRQHandler	8	static
../Core/Src/stm32u5xx_it.c:257:6:SPI1_IRQHandler	8	static
../Core/Src/stm32u5xx_it.c:271:6:USART1_IRQHandler	8	static
../Core/Src/stm32u5xx_it.c:285:6:TIM15_IRQHandler	8	static
../Core/Src/stm32u5xx_it.c:299:6:TIM17_IRQHandler	8	static
../Core/Src/stm32u5xx_it.c:313:6:GPDMA1_Channel15_IRQHandler	8	static
