../Drivers/STM32U5xx_HAL_Driver/Src/stm32u5xx_hal_spi.c:239:19:HAL_SPI_Init	24	static
../Drivers/STM32U5xx_HAL_Driver/Src/stm32u5xx_hal_spi.c:503:19:HAL_SPI_DeInit	16	static
../Drivers/STM32U5xx_HAL_Driver/Src/stm32u5xx_hal_spi.c:547:13:HAL_SPI_MspInit	16	static
../Drivers/STM32U5xx_HAL_Driver/Src/stm32u5xx_hal_spi.c:563:13:HAL_SPI_MspDeInit	16	static
../Drivers/STM32U5xx_HAL_Driver/Src/stm32u5xx_hal_spi.c:838:19:HAL_SPI_Transmit	40	static
../Drivers/STM32U5xx_HAL_Driver/Src/stm32u5xx_hal_spi.c:1072:19:HAL_SPI_Receive	40	static
../Drivers/STM32U5xx_HAL_Driver/Src/stm32u5xx_hal_spi.c:1352:19:HAL_SPI_TransmitReceive	64	static
../Drivers/STM32U5xx_HAL_Driver/Src/stm32u5xx_hal_spi.c:1689:19:HAL_SPI_Transmit_IT	24	static
../Drivers/STM32U5xx_HAL_Driver/Src/stm32u5xx_hal_spi.c:1783:19:HAL_SPI_Receive_IT	24	static
../Drivers/STM32U5xx_HAL_Driver/Src/stm32u5xx_hal_spi.c:1882:19:HAL_SPI_TransmitReceive_IT	32	static
../Drivers/STM32U5xx_HAL_Driver/Src/stm32u5xx_hal_spi.c:2012:19:HAL_SPI_Transmit_DMA	32	static
../Drivers/STM32U5xx_HAL_Driver/Src/stm32u5xx_hal_spi.c:2208:19:HAL_SPI_Receive_DMA	32	static
../Drivers/STM32U5xx_HAL_Driver/Src/stm32u5xx_hal_spi.c:2406:19:HAL_SPI_TransmitReceive_DMA	32	static
../Drivers/STM32U5xx_HAL_Driver/Src/stm32u5xx_hal_spi.c:2681:19:HAL_SPI_Abort	24	static
../Drivers/STM32U5xx_HAL_Driver/Src/stm32u5xx_hal_spi.c:2814:19:HAL_SPI_Abort_IT	32	static
../Drivers/STM32U5xx_HAL_Driver/Src/stm32u5xx_hal_spi.c:2969:19:HAL_SPI_DMAPause	16	static
../Drivers/STM32U5xx_HAL_Driver/Src/stm32u5xx_hal_spi.c:2984:19:HAL_SPI_DMAResume	16	static
../Drivers/STM32U5xx_HAL_Driver/Src/stm32u5xx_hal_spi.c:2999:19:HAL_SPI_DMAStop	16	static
../Drivers/STM32U5xx_HAL_Driver/Src/stm32u5xx_hal_spi.c:3013:6:HAL_SPI_IRQHandler	48	static
../Drivers/STM32U5xx_HAL_Driver/Src/stm32u5xx_hal_spi.c:3258:13:HAL_SPI_TxCpltCallback	16	static
../Drivers/STM32U5xx_HAL_Driver/Src/stm32u5xx_hal_spi.c:3274:13:HAL_SPI_RxCpltCallback	16	static
../Drivers/STM32U5xx_HAL_Driver/Src/stm32u5xx_hal_spi.c:3290:13:HAL_SPI_TxRxCpltCallback	16	static
../Drivers/STM32U5xx_HAL_Driver/Src/stm32u5xx_hal_spi.c:3306:13:HAL_SPI_TxHalfCpltCallback	16	static
../Drivers/STM32U5xx_HAL_Driver/Src/stm32u5xx_hal_spi.c:3322:13:HAL_SPI_RxHalfCpltCallback	16	static
../Drivers/STM32U5xx_HAL_Driver/Src/stm32u5xx_hal_spi.c:3338:13:HAL_SPI_TxRxHalfCpltCallback	16	static
../Drivers/STM32U5xx_HAL_Driver/Src/stm32u5xx_hal_spi.c:3354:13:HAL_SPI_ErrorCallback	16	static
../Drivers/STM32U5xx_HAL_Driver/Src/stm32u5xx_hal_spi.c:3372:13:HAL_SPI_AbortCpltCallback	16	static
../Drivers/STM32U5xx_HAL_Driver/Src/stm32u5xx_hal_spi.c:3387:13:HAL_SPI_SuspendCallback	16	static
../Drivers/STM32U5xx_HAL_Driver/Src/stm32u5xx_hal_spi.c:3422:22:HAL_SPI_GetState	16	static
../Drivers/STM32U5xx_HAL_Driver/Src/stm32u5xx_hal_spi.c:3434:10:HAL_SPI_GetError	16	static
../Drivers/STM32U5xx_HAL_Driver/Src/stm32u5xx_hal_spi.c:3459:13:SPI_DMATransmitCplt	24	static
../Drivers/STM32U5xx_HAL_Driver/Src/stm32u5xx_hal_spi.c:3487:13:SPI_DMAReceiveCplt	24	static
../Drivers/STM32U5xx_HAL_Driver/Src/stm32u5xx_hal_spi.c:3515:13:SPI_DMATransmitReceiveCplt	24	static
../Drivers/STM32U5xx_HAL_Driver/Src/stm32u5xx_hal_spi.c:3544:13:SPI_DMAHalfTransmitCplt	24	static
../Drivers/STM32U5xx_HAL_Driver/Src/stm32u5xx_hal_spi.c:3562:13:SPI_DMAHalfReceiveCplt	24	static
../Drivers/STM32U5xx_HAL_Driver/Src/stm32u5xx_hal_spi.c:3580:13:SPI_DMAHalfTransmitReceiveCplt	24	static
../Drivers/STM32U5xx_HAL_Driver/Src/stm32u5xx_hal_spi.c:3598:13:SPI_DMAError	24	static
../Drivers/STM32U5xx_HAL_Driver/Src/stm32u5xx_hal_spi.c:3624:13:SPI_DMAAbortOnError	24	static
../Drivers/STM32U5xx_HAL_Driver/Src/stm32u5xx_hal_spi.c:3648:13:SPI_DMATxAbortCallback	24	static
../Drivers/STM32U5xx_HAL_Driver/Src/stm32u5xx_hal_spi.c:3685:13:SPI_DMARxAbortCallback	24	static
../Drivers/STM32U5xx_HAL_Driver/Src/stm32u5xx_hal_spi.c:3720:13:SPI_RxISR_8BIT	16	static
../Drivers/STM32U5xx_HAL_Driver/Src/stm32u5xx_hal_spi.c:3742:13:SPI_RxISR_16BIT	24	static
../Drivers/STM32U5xx_HAL_Driver/Src/stm32u5xx_hal_spi.c:3770:13:SPI_RxISR_32BIT	16	static
../Drivers/STM32U5xx_HAL_Driver/Src/stm32u5xx_hal_spi.c:3792:13:SPI_TxISR_8BIT	16	static
../Drivers/STM32U5xx_HAL_Driver/Src/stm32u5xx_hal_spi.c:3813:13:SPI_TxISR_16BIT	24	static
../Drivers/STM32U5xx_HAL_Driver/Src/stm32u5xx_hal_spi.c:3840:13:SPI_TxISR_32BIT	16	static
../Drivers/STM32U5xx_HAL_Driver/Src/stm32u5xx_hal_spi.c:3861:13:SPI_AbortTransfer	16	static
../Drivers/STM32U5xx_HAL_Driver/Src/stm32u5xx_hal_spi.c:3900:13:SPI_CloseTransfer	24	static
../Drivers/STM32U5xx_HAL_Driver/Src/stm32u5xx_hal_spi.c:3977:26:SPI_WaitOnFlagUntilTimeout	24	static
../Drivers/STM32U5xx_HAL_Driver/Src/stm32u5xx_hal_spi.c:3998:17:SPI_GetPacketSize	24	static
