../Drivers/STM32U5xx_HAL_Driver/Src/stm32u5xx_hal_rtc.c:266:19:HAL_RTC_Init	24	static
../Drivers/STM32U5xx_HAL_Driver/Src/stm32u5xx_hal_rtc.c:428:19:HAL_RTC_DeInit	24	static
../Drivers/STM32U5xx_HAL_Driver/Src/stm32u5xx_hal_rtc.c:915:13:HAL_RTC_MspInit	16	static
../Drivers/STM32U5xx_HAL_Driver/Src/stm32u5xx_hal_rtc.c:930:13:HAL_RTC_MspDeInit	16	static
../Drivers/STM32U5xx_HAL_Driver/Src/stm32u5xx_hal_rtc.c:973:19:HAL_RTC_SetTime	40	static
../Drivers/STM32U5xx_HAL_Driver/Src/stm32u5xx_hal_rtc.c:1076:6:HAL_RTC_DST_Add1Hour	16	static
../Drivers/STM32U5xx_HAL_Driver/Src/stm32u5xx_hal_rtc.c:1090:6:HAL_RTC_DST_Sub1Hour	16	static
../Drivers/STM32U5xx_HAL_Driver/Src/stm32u5xx_hal_rtc.c:1104:6:HAL_RTC_DST_SetStoreOperation	16	static
../Drivers/STM32U5xx_HAL_Driver/Src/stm32u5xx_hal_rtc.c:1115:6:HAL_RTC_DST_ClearStoreOperation	16	static
../Drivers/STM32U5xx_HAL_Driver/Src/stm32u5xx_hal_rtc.c:1126:10:HAL_RTC_DST_ReadStoreOperation	16	static
../Drivers/STM32U5xx_HAL_Driver/Src/stm32u5xx_hal_rtc.c:1157:19:HAL_RTC_GetTime	32	static
../Drivers/STM32U5xx_HAL_Driver/Src/stm32u5xx_hal_rtc.c:1215:19:HAL_RTC_SetDate	40	static
../Drivers/STM32U5xx_HAL_Driver/Src/stm32u5xx_hal_rtc.c:1299:19:HAL_RTC_GetDate	32	static
../Drivers/STM32U5xx_HAL_Driver/Src/stm32u5xx_hal_rtc.c:1359:19:HAL_RTC_SetAlarm	40	static
../Drivers/STM32U5xx_HAL_Driver/Src/stm32u5xx_hal_rtc.c:1564:19:HAL_RTC_SetAlarm_IT	40	static
../Drivers/STM32U5xx_HAL_Driver/Src/stm32u5xx_hal_rtc.c:1764:19:HAL_RTC_DeactivateAlarm	16	static
../Drivers/STM32U5xx_HAL_Driver/Src/stm32u5xx_hal_rtc.c:1812:19:HAL_RTC_GetAlarm	32	static
../Drivers/STM32U5xx_HAL_Driver/Src/stm32u5xx_hal_rtc.c:1918:6:HAL_RTC_AlarmIRQHandler	24	static
../Drivers/STM32U5xx_HAL_Driver/Src/stm32u5xx_hal_rtc.c:1958:13:HAL_RTC_AlarmAEventCallback	16	static
../Drivers/STM32U5xx_HAL_Driver/Src/stm32u5xx_hal_rtc.c:1974:19:HAL_RTC_PollForAlarmAEvent	24	static
../Drivers/STM32U5xx_HAL_Driver/Src/stm32u5xx_hal_rtc.c:2039:19:HAL_RTC_WaitForSynchro	24	static
../Drivers/STM32U5xx_HAL_Driver/Src/stm32u5xx_hal_rtc.c:2093:21:HAL_RTC_GetState	16	static
../Drivers/STM32U5xx_HAL_Driver/Src/stm32u5xx_hal_rtc.c:2116:19:RTC_EnterInitMode	24	static
../Drivers/STM32U5xx_HAL_Driver/Src/stm32u5xx_hal_rtc.c:2157:19:RTC_ExitInitMode	24	static
../Drivers/STM32U5xx_HAL_Driver/Src/stm32u5xx_hal_rtc.c:2193:9:RTC_ByteToBcd2	24	static
../Drivers/STM32U5xx_HAL_Driver/Src/stm32u5xx_hal_rtc.c:2212:9:RTC_Bcd2ToByte	24	static
