../Drivers/pmic/pmic.cpp:11:5:int pmic_init()	16	static
../Drivers/pmic/pmic.cpp:45:5:int pmicSOCRead(unsigned char*)	24	static
../Drivers/pmic/pmic.cpp:56:5:int isBATTCharging()	16	static
../Drivers/pmic/pmic.cpp:67:5:int runHaptic(int, int, int)	32	static
../Drivers/pmic/pmic.cpp:92:1:void __static_initialization_and_destruction_0()	8	static
../Drivers/pmic/pmic.cpp:92:1:void __static_initialization_and_destruction_1()	8	static
../Drivers/pmic/pmic.cpp:92:1:cpp)	8	static
../Drivers/pmic/pmic.cpp:92:1:cpp)	8	static
