../Middlewares/ST/touchgfx/framework/include/touchgfx/Screen.hpp:104:18:virtual void touchgfx::Screen::afterTransition()	16	static
../Middlewares/ST/touchgfx/framework/include/touchgfx/Screen.hpp:115:18:virtual void touchgfx::Screen::tearDownScreen()	16	static
../Middlewares/ST/touchgfx/framework/include/touchgfx/Screen.hpp:154:18:virtual void touchgfx::Screen::handleKeyEvent(uint8_t)	16	static
../TouchGFX/generated/gui_generated/include/gui_generated/systemsetting_screen/systemSettingViewBase.hpp:24:26:FrontendApplication& systemSettingViewBase::application()	16	static
../TouchGFX/gui/include/gui/systemsetting_screen/systemSettingView.hpp:11:13:systemSettingView::~systemSettingView()	16	static
../TouchGFX/gui/include/gui/systemsetting_screen/systemSettingView.hpp:11:13:virtual systemSettingView::~systemSettingView()	16	static
../TouchGFX/gui/src/systemsetting_screen/systemSettingView.cpp:10:1:systemSettingView::systemSettingView()	16	static
../TouchGFX/gui/src/systemsetting_screen/systemSettingView.cpp:16:6:virtual void systemSettingView::setupScreen()	16	static
../TouchGFX/gui/src/systemsetting_screen/systemSettingView.cpp:21:6:virtual void systemSettingView::tearDownScreen()	16	static
../TouchGFX/gui/src/systemsetting_screen/systemSettingView.cpp:27:6:void systemSettingView::handleSwipeRight()	16	static
../TouchGFX/gui/src/systemsetting_screen/systemSettingView.cpp:51:6:virtual void systemSettingView::handleTickEvent()	16	static
